============================= test session starts =============================
platform win32 -- Python 3.14.4, pytest-9.0.2, pluggy-1.6.0 -- C:\Users\dws\src\guitar_tap\.venv\Scripts\python.exe
cachedir: .pytest_cache
rootdir: C:\Users\dws\src\guitar_tap
configfile: pyproject.toml
plugins: cov-7.1.0
collecting ... collected 1 item

tests/test_file_playback_regression.py::TestFilePlaybackRegression::test_REG_G1_generic_guitar_single_tap_produces_expected_peaks 🎬 Analyzer started - warm-up period: 0.5s
🎬 Starting tap sequence: 1 tap(s), plate mode: False, brace mode: False, skip_warmup: True
TAP_DEBUG file_playback: START | path=Recording 5 samples=25389 rate=48000Hz chunksize=1024 chunkDuration=21.3ms expectedDuration=0.529s fftSize=65536 expectedFftFrames=0
TAP_DEBUG processRawSamples: LEVEL_CHECK | armed=True levelDB=-78.7 threshold=-60.0 prevDB=-100.0 chunkLen=1024 fileSamplePos=1024
TAP_DEBUG onRmsLevel: FILE | levelDB=-79.00 isDetecting=True isPaused=False isComplete=False
TAP_DEBUG detectTap: FILE_CHUNK | peakMag=-79.00 absThresh=-40.00 isAbove=True
TAP_DEBUG detectTap: FALLING EDGE | peakMag=-79.00 fallingThresh=-43.00 — signal settled, ready for next tap
TAP_DEBUG onRmsLevel: FILE | levelDB=-79.00 isDetecting=True isPaused=False isComplete=False
TAP_DEBUG detectTap: FILE_CHUNK | peakMag=-79.00 absThresh=-40.00 isAbove=False
TAP_DEBUG processRawSamples: LEVEL_CHECK | armed=True levelDB=-80.2 threshold=-60.0 prevDB=-78.7 chunkLen=1024 fileSamplePos=2048
TAP_DEBUG onRmsLevel: FILE | levelDB=-81.00 isDetecting=True isPaused=False isComplete=False
TAP_DEBUG detectTap: FILE_CHUNK | peakMag=-81.00 absThresh=-40.00 isAbove=False
TAP_DEBUG onRmsLevel: FILE | levelDB=-81.00 isDetecting=True isPaused=False isComplete=False
TAP_DEBUG detectTap: FILE_CHUNK | peakMag=-81.00 absThresh=-40.00 isAbove=False
TAP_DEBUG processRawSamples: LEVEL_CHECK | armed=True levelDB=-79.7 threshold=-60.0 prevDB=-80.2 chunkLen=1024 fileSamplePos=3072
TAP_DEBUG onRmsLevel: FILE | levelDB=-80.00 isDetecting=True isPaused=False isComplete=False
TAP_DEBUG detectTap: FILE_CHUNK | peakMag=-80.00 absThresh=-40.00 isAbove=False
TAP_DEBUG onRmsLevel: FILE | levelDB=-80.00 isDetecting=True isPaused=False isComplete=False
TAP_DEBUG detectTap: FILE_CHUNK | peakMag=-80.00 absThresh=-40.00 isAbove=False
TAP_DEBUG processRawSamples: LEVEL_CHECK | armed=True levelDB=-79.1 threshold=-60.0 prevDB=-79.7 chunkLen=1024 fileSamplePos=4096
TAP_DEBUG onRmsLevel: FILE | levelDB=-80.00 isDetecting=True isPaused=False isComplete=False
TAP_DEBUG detectTap: FILE_CHUNK | peakMag=-80.00 absThresh=-40.00 isAbove=False
TAP_DEBUG onRmsLevel: FILE | levelDB=-80.00 isDetecting=True isPaused=False isComplete=False
TAP_DEBUG detectTap: FILE_CHUNK | peakMag=-80.00 absThresh=-40.00 isAbove=False
TAP_DEBUG processRawSamples: LEVEL_CHECK | armed=True levelDB=-78.9 threshold=-60.0 prevDB=-79.1 chunkLen=1024 fileSamplePos=5120
TAP_DEBUG onRmsLevel: FILE | levelDB=-79.00 isDetecting=True isPaused=False isComplete=False
TAP_DEBUG detectTap: FILE_CHUNK | peakMag=-79.00 absThresh=-40.00 isAbove=False
TAP_DEBUG onRmsLevel: FILE | levelDB=-79.00 isDetecting=True isPaused=False isComplete=False
TAP_DEBUG detectTap: FILE_CHUNK | peakMag=-79.00 absThresh=-40.00 isAbove=False
TAP_DEBUG processRawSamples: LEVEL_CHECK | armed=True levelDB=-79.7 threshold=-60.0 prevDB=-78.9 chunkLen=1024 fileSamplePos=6144
TAP_DEBUG onRmsLevel: FILE | levelDB=-80.00 isDetecting=True isPaused=False isComplete=False
TAP_DEBUG detectTap: FILE_CHUNK | peakMag=-80.00 absThresh=-40.00 isAbove=False
TAP_DEBUG onRmsLevel: FILE | levelDB=-80.00 isDetecting=True isPaused=False isComplete=False
TAP_DEBUG detectTap: FILE_CHUNK | peakMag=-80.00 absThresh=-40.00 isAbove=False
TAP_DEBUG processRawSamples: LEVEL_CHECK | armed=True levelDB=-78.5 threshold=-60.0 prevDB=-79.7 chunkLen=1024 fileSamplePos=7168
TAP_DEBUG onRmsLevel: FILE | levelDB=-79.00 isDetecting=True isPaused=False isComplete=False
TAP_DEBUG detectTap: FILE_CHUNK | peakMag=-79.00 absThresh=-40.00 isAbove=False
TAP_DEBUG onRmsLevel: FILE | levelDB=-79.00 isDetecting=True isPaused=False isComplete=False
TAP_DEBUG detectTap: FILE_CHUNK | peakMag=-79.00 absThresh=-40.00 isAbove=False
TAP_DEBUG processRawSamples: LEVEL_CHECK | armed=True levelDB=-12.7 threshold=-60.0 prevDB=-78.5 chunkLen=1024 fileSamplePos=8192
TAP_DEBUG processRawSamples: LEVEL_CROSSING_FIRED | rmsDB=-12.7 prevDB=-78.5
TAP_DEBUG levelCrossing: Gated capture started on audio queue | pre-roll 8192 samples, target 65536, fileSamplePos=8192, preRollHash=0.000320
TAP_DEBUG onRmsLevel: FILE | levelDB=-13.00 isDetecting=True isPaused=False isComplete=False
TAP_DEBUG detectTap: FILE_CHUNK | peakMag=-13.00 absThresh=-40.00 isAbove=False
TAP_DEBUG detectTap: RISING EDGE FIRED | peakMag=-13.00 risingThresh=-40.00 tapCount=1/1
TAP_DEBUG handleTapDetection: ENTERED | measurementType=MeasurementType.GENERIC isPlate=False isBrace=False currentTapCount=0 numberOfTaps=1
TAP_DEBUG handleTapDetection: GUITAR — starting gated capture capturedTaps=0/1
🎯 Guitar gated capture (audio-queue fast-start) — 65536-sample window (1365 ms at 48000 Hz, accum 8192/65536), timeout 1865 ms
TAP_DEBUG onRmsLevel: FILE | levelDB=-13.00 isDetecting=False isPaused=False isComplete=False
TAP_DEBUG gatedAccum: CHUNK | +1024 running=9216 target=65536 phase=None
TAP_DEBUG processRawSamples: LEVEL_CHECK | armed=False levelDB=-8.4 threshold=-60.0 prevDB=-12.7 chunkLen=1024 fileSamplePos=9216
TAP_DEBUG onRmsLevel: FILE | levelDB=-9.00 isDetecting=False isPaused=False isComplete=False
TAP_DEBUG onRmsLevel: FILE | levelDB=-9.00 isDetecting=False isPaused=False isComplete=False
TAP_DEBUG gatedAccum: CHUNK | +1024 running=10240 target=65536 phase=None
TAP_DEBUG processRawSamples: LEVEL_CHECK | armed=False levelDB=-7.8 threshold=-60.0 prevDB=-8.4 chunkLen=1024 fileSamplePos=10240
TAP_DEBUG onRmsLevel: FILE | levelDB=-8.00 isDetecting=False isPaused=False isComplete=False
TAP_DEBUG onRmsLevel: FILE | levelDB=-8.00 isDetecting=False isPaused=False isComplete=False
TAP_DEBUG gatedAccum: CHUNK | +1024 running=11264 target=65536 phase=None
TAP_DEBUG processRawSamples: LEVEL_CHECK | armed=False levelDB=-6.8 threshold=-60.0 prevDB=-7.8 chunkLen=1024 fileSamplePos=11264
TAP_DEBUG onRmsLevel: FILE | levelDB=-7.00 isDetecting=False isPaused=False isComplete=False
TAP_DEBUG onRmsLevel: FILE | levelDB=-7.00 isDetecting=False isPaused=False isComplete=False
TAP_DEBUG gatedAccum: CHUNK | +1024 running=12288 target=65536 phase=None
TAP_DEBUG processRawSamples: LEVEL_CHECK | armed=False levelDB=-6.2 threshold=-60.0 prevDB=-6.8 chunkLen=1024 fileSamplePos=12288
TAP_DEBUG onRmsLevel: FILE | levelDB=-7.00 isDetecting=False isPaused=False isComplete=False
TAP_DEBUG onRmsLevel: FILE | levelDB=-7.00 isDetecting=False isPaused=False isComplete=False
TAP_DEBUG gatedAccum: CHUNK | +1024 running=13312 target=65536 phase=None
TAP_DEBUG processRawSamples: LEVEL_CHECK | armed=False levelDB=-6.0 threshold=-60.0 prevDB=-6.2 chunkLen=1024 fileSamplePos=13312
TAP_DEBUG onRmsLevel: FILE | levelDB=-7.00 isDetecting=False isPaused=False isComplete=False
TAP_DEBUG onRmsLevel: FILE | levelDB=-7.00 isDetecting=False isPaused=False isComplete=False
TAP_DEBUG gatedAccum: CHUNK | +1024 running=14336 target=65536 phase=None
TAP_DEBUG processRawSamples: LEVEL_CHECK | armed=False levelDB=-5.5 threshold=-60.0 prevDB=-6.0 chunkLen=1024 fileSamplePos=14336
TAP_DEBUG onRmsLevel: FILE | levelDB=-6.00 isDetecting=False isPaused=False isComplete=False
TAP_DEBUG onRmsLevel: FILE | levelDB=-6.00 isDetecting=False isPaused=False isComplete=False
TAP_DEBUG gatedAccum: CHUNK | +1024 running=15360 target=65536 phase=None
TAP_DEBUG processRawSamples: LEVEL_CHECK | armed=False levelDB=-5.7 threshold=-60.0 prevDB=-5.5 chunkLen=1024 fileSamplePos=15360
TAP_DEBUG onRmsLevel: FILE | levelDB=-6.00 isDetecting=False isPaused=False isComplete=False
TAP_DEBUG onRmsLevel: FILE | levelDB=-6.00 isDetecting=False isPaused=False isComplete=False
TAP_DEBUG gatedAccum: CHUNK | +1024 running=16384 target=65536 phase=None
TAP_DEBUG processRawSamples: LEVEL_CHECK | armed=False levelDB=-4.9 threshold=-60.0 prevDB=-5.7 chunkLen=1024 fileSamplePos=16384
TAP_DEBUG onRmsLevel: FILE | levelDB=-5.00 isDetecting=False isPaused=False isComplete=False
TAP_DEBUG onRmsLevel: FILE | levelDB=-5.00 isDetecting=False isPaused=False isComplete=False
TAP_DEBUG gatedAccum: CHUNK | +1024 running=17408 target=65536 phase=None
TAP_DEBUG processRawSamples: LEVEL_CHECK | armed=False levelDB=-5.1 threshold=-60.0 prevDB=-4.9 chunkLen=1024 fileSamplePos=17408
TAP_DEBUG onRmsLevel: FILE | levelDB=-6.00 isDetecting=False isPaused=False isComplete=False
TAP_DEBUG onRmsLevel: FILE | levelDB=-6.00 isDetecting=False isPaused=False isComplete=False
TAP_DEBUG gatedAccum: CHUNK | +1024 running=18432 target=65536 phase=None
TAP_DEBUG processRawSamples: LEVEL_CHECK | armed=False levelDB=-5.0 threshold=-60.0 prevDB=-5.1 chunkLen=1024 fileSamplePos=18432
TAP_DEBUG onRmsLevel: FILE | levelDB=-6.00 isDetecting=False isPaused=False isComplete=False
TAP_DEBUG onRmsLevel: FILE | levelDB=-6.00 isDetecting=False isPaused=False isComplete=False
TAP_DEBUG gatedAccum: CHUNK | +1024 running=19456 target=65536 phase=None
TAP_DEBUG processRawSamples: LEVEL_CHECK | armed=False levelDB=-4.8 threshold=-60.0 prevDB=-5.0 chunkLen=1024 fileSamplePos=19456
TAP_DEBUG onRmsLevel: FILE | levelDB=-5.00 isDetecting=False isPaused=False isComplete=False
TAP_DEBUG onRmsLevel: FILE | levelDB=-5.00 isDetecting=False isPaused=False isComplete=False
TAP_DEBUG gatedAccum: CHUNK | +1024 running=20480 target=65536 phase=None
TAP_DEBUG processRawSamples: LEVEL_CHECK | armed=False levelDB=-4.2 threshold=-60.0 prevDB=-4.8 chunkLen=1024 fileSamplePos=20480
TAP_DEBUG onRmsLevel: FILE | levelDB=-5.00 isDetecting=False isPaused=False isComplete=False
TAP_DEBUG onRmsLevel: FILE | levelDB=-5.00 isDetecting=False isPaused=False isComplete=False
TAP_DEBUG gatedAccum: CHUNK | +1024 running=21504 target=65536 phase=None
TAP_DEBUG processRawSamples: LEVEL_CHECK | armed=False levelDB=-6.1 threshold=-60.0 prevDB=-4.2 chunkLen=1024 fileSamplePos=21504
TAP_DEBUG onRmsLevel: FILE | levelDB=-7.00 isDetecting=False isPaused=False isComplete=False
TAP_DEBUG onRmsLevel: FILE | levelDB=-7.00 isDetecting=False isPaused=False isComplete=False
TAP_DEBUG gatedAccum: CHUNK | +1024 running=22528 target=65536 phase=None
TAP_DEBUG processRawSamples: LEVEL_CHECK | armed=False levelDB=-4.8 threshold=-60.0 prevDB=-6.1 chunkLen=1024 fileSamplePos=22528
TAP_DEBUG onRmsLevel: FILE | levelDB=-5.00 isDetecting=False isPaused=False isComplete=False
TAP_DEBUG onRmsLevel: FILE | levelDB=-5.00 isDetecting=False isPaused=False isComplete=False
TAP_DEBUG gatedAccum: CHUNK | +1024 running=23552 target=65536 phase=None
TAP_DEBUG processRawSamples: LEVEL_CHECK | armed=False levelDB=-4.6 threshold=-60.0 prevDB=-4.8 chunkLen=1024 fileSamplePos=23552
TAP_DEBUG onRmsLevel: FILE | levelDB=-5.00 isDetecting=False isPaused=False isComplete=False
TAP_DEBUG onRmsLevel: FILE | levelDB=-5.00 isDetecting=False isPaused=False isComplete=False
TAP_DEBUG gatedAccum: CHUNK | +1024 running=24576 target=65536 phase=None
TAP_DEBUG processRawSamples: LEVEL_CHECK | armed=False levelDB=-3.7 threshold=-60.0 prevDB=-4.6 chunkLen=1024 fileSamplePos=24576
TAP_DEBUG onRmsLevel: FILE | levelDB=-4.00 isDetecting=False isPaused=False isComplete=False
TAP_DEBUG onRmsLevel: FILE | levelDB=-4.00 isDetecting=False isPaused=False isComplete=False
TAP_DEBUG gatedAccum: CHUNK | +813 running=25389 target=65536 phase=None
TAP_DEBUG processRawSamples: LEVEL_CHECK | armed=False levelDB=-3.4 threshold=-60.0 prevDB=-3.7 chunkLen=813 fileSamplePos=25389
TAP_DEBUG onRmsLevel: FILE | levelDB=-4.00 isDetecting=False isPaused=False isComplete=False
TAP_DEBUG onRmsLevel: FILE | levelDB=-4.00 isDetecting=False isPaused=False isComplete=False
TAP_DEBUG file_playback: END | chunksPumped=25 samplesPumped=25600 elapsed=0.559s expected=0.529s realtimeRatio=1.058x
TAP_DEBUG file_playback: PARTIAL_FLUSH | partialSamples=25389 fftSize=65536
TAP_DEBUG file_playback: PARTIAL_FLUSH_EMIT | emitting FFT frame with 65536 samples
TAP_DEBUG file_playback: PARTIAL_FLUSH_DONE
TAP_DEBUG file_playback: PRE_MIC_RESTART | handler=set
TAP_DEBUG file_playback: FLUSH_GATED_CHECK | active=True accumLen=25389 phase=None
🎯 Gated capture flushed on file end — 65536 samples (zero-padded to 65536)
TAP_DEBUG guitar_gated_capture: FINISHED | newCount=1/1 capturedPeakMag=-31.99dB samples=65536 specHash=-4346.7543 sampleHash=0.000320
TAP_DEBUG file_playback: PRE_MIC_RESTART_DONE
🔬 Processing 1 taps for averaging...
📸 Guitar spectrum captured from 1 averaged taps
✅ Found 199 peaks in averaged spectrum from 1 taps
FAILED

================================== FAILURES ===================================
_ TestFilePlaybackRegression.test_REG_G1_generic_guitar_single_tap_produces_expected_peaks _

self = <tests.test_file_playback_regression.TestFilePlaybackRegression object at 0x000001FCD2999BD0>
g1_analyzer = <[RuntimeError('libshiboken: Internal C++ object (TapToneAnalyzer) already deleted.') raised in repr()] TapToneAnalyzer object at 0x1fcd61fbf00>

    def test_REG_G1_generic_guitar_single_tap_produces_expected_peaks(
        self, g1_analyzer
    ):
        """Generic guitar single-tap — validates Air/Top/Back peaks.
    
        Loads a single-tap generic guitar recording and plays it through the
        full pipeline.  Verifies that:
          1. The pipeline completes with 1 tap entry
          2. Air, Top, Back frequencies and magnitudes match reference ± 1
        """
        from models.guitar_mode import GuitarMode
    
        assert os.path.exists(G1_WAV), f"Test WAV not found: {G1_WAV}"
    
        sut = g1_analyzer
        sut.peak_min_threshold = G1_PEAK_MIN_THRESHOLD
        sut.tap_detection_threshold = G1_TAP_THRESHOLD
        sut.play_file_for_testing(
            path=G1_WAV,
            measurement_type=MeasurementType.GENERIC,
            number_of_taps=1,
        )
    
        # 1. Pipeline should complete with 1 captured tap.
        #    (tap_entries is only populated for multi-tap sessions; single-tap
        #     uses captured_taps directly.)
        assert sut.is_measurement_complete, "is_measurement_complete should be True"
        assert len(sut.captured_taps) == 1, (
            f"Expected 1 captured tap, got {len(sut.captured_taps)}"
        )
    
        # 2. Peaks — use get_peak(), the same API the Results panel uses.
        air_peak = sut.get_peak(GuitarMode.AIR)
        assert air_peak is not None, "No Air peak found"
>       assert abs(air_peak.frequency - G1_AIR_FREQ) < FREQ_TOLERANCE, (
            f"Air freq: expected {G1_AIR_FREQ} "
            f"±{FREQ_TOLERANCE}, got {air_peak.frequency}"
        )
E       AssertionError: Air freq: expected 87.30731 ±1.0, got 109.56310806756275
E       assert np.float64(22.25579806756275) < 1.0
E        +  where np.float64(22.25579806756275) = abs((np.float64(109.56310806756275) - 87.30731))
E        +    where np.float64(109.56310806756275) = ResonantPeak(frequency=np.float64(109.56310806756275), magnitude=np.float64(-35.12979136411148), quality=np.float64(37.5), bandwidth=np.float64(2.9296875), id='6d71eafc-7885-4827-80bc-51272035cade', timestamp='2026-05-12T19:21:50.089275+00:00', pitch_note='A2', pitch_cents=-6.889711063975241, pitch_frequency=109.99999999999999, mode_label='').frequency

tests\test_file_playback_regression.py:169: AssertionError
=========================== short test summary info ===========================
FAILED tests/test_file_playback_regression.py::TestFilePlaybackRegression::test_REG_G1_generic_guitar_single_tap_produces_expected_peaks
============================== 1 failed in 1.97s ==============================
