============================= test session starts =============================
platform win32 -- Python 3.14.4, pytest-9.0.2, pluggy-1.6.0 -- C:\Users\dws\src\guitar_tap\.venv\Scripts\python.exe
cachedir: .pytest_cache
rootdir: C:\Users\dws\src\guitar_tap
configfile: pyproject.toml
plugins: cov-7.1.0
collecting ... collected 1 item

tests/test_file_playback_regression.py::TestFilePlaybackRegression::test_REG_G1_generic_guitar_single_tap_produces_expected_peaks FAILED

================================== FAILURES ===================================
_ TestFilePlaybackRegression.test_REG_G1_generic_guitar_single_tap_produces_expected_peaks _

self = <tests.test_file_playback_regression.TestFilePlaybackRegression object at 0x000001F37DDE1A90>
g1_analyzer = <models.tap_tone_analyzer.TapToneAnalyzer(0x1f328e48260) at 0x000001F328937F40>

    def test_REG_G1_generic_guitar_single_tap_produces_expected_peaks(
        self, g1_analyzer
    ):
        """Generic guitar single-tap � validates Air/Top/Back peaks.
    
        Loads a single-tap generic guitar recording and plays it through the
        full pipeline.  Verifies that:
          1. The pipeline completes with 1 tap entry
          2. Air, Top, Back frequencies and magnitudes match reference � 1
        """
        from models.guitar_mode import GuitarMode
    
        assert os.path.exists(G1_WAV), f"Test WAV not found: {G1_WAV}"
    
        sut = g1_analyzer
        sut.peak_min_threshold = G1_PEAK_MIN_THRESHOLD
        sut.tap_detection_threshold = G1_TAP_THRESHOLD
>       sut.play_file_for_testing(
            path=G1_WAV,
            measurement_type=MeasurementType.GENERIC,
            number_of_taps=1,
        )

tests\test_file_playback_regression.py:152: 
_ _ _ _ _ _ _ _ _ _ _ _ _ _ _ _ _ _ _ _ _ _ _ _ _ _ _ _ _ _ _ _ _ _ _ _ _ _ _ _
src\guitar_tap\models\tap_tone_analyzer.py:564: in play_file_for_testing
    self.start_tap_sequence(skip_warmup=True)
src\guitar_tap\models\tap_tone_analyzer_control.py:547: in start_tap_sequence
    gt_log(f"\U0001f3ac Analyzer started - warm-up period: {self.warmup_period}s")
src\guitar_tap\utilities\logging.py:58: in gt_log
    print(message)
_ _ _ _ _ _ _ _ _ _ _ _ _ _ _ _ _ _ _ _ _ _ _ _ _ _ _ _ _ _ _ _ _ _ _ _ _ _ _ _

self = <encodings.cp1252.IncrementalEncoder object at 0x000001F37C926270>
input = '\U0001f3ac Analyzer started - warm-up period: 0.5s', final = False

    def encode(self, input, final=False):
>       return codecs.charmap_encode(input,self.errors,encoding_table)[0]
               ^^^^^^^^^^^^^^^^^^^^^^^^^^^^^^^^^^^^^^^^^^^^^^^^^^^^^^^
E       UnicodeEncodeError: 'charmap' codec can't encode character '\U0001f3ac' in position 0: character maps to <undefined>

..\..\AppData\Local\python\pythoncore-3.14-64\Lib\encodings\cp1252.py:19: UnicodeEncodeError
=========================== short test summary info ===========================
FAILED tests/test_file_playback_regression.py::TestFilePlaybackRegression::test_REG_G1_generic_guitar_single_tap_produces_expected_peaks
============================== 1 failed in 0.66s ==============================
